// Jest Snapshot v1, https://goo.gl/fbAQLP

exports[`BottomWordCard renders 1`] = `<DragSource(BottomWordCard) />`;
