// Jest Snapshot v1, https://goo.gl/fbAQLP

exports[`DropBoxItem renders 1`] = `<DropTarget(DropBoxItem) />`;
