// Jest Snapshot v1, https://goo.gl/fbAQLP

exports[`DropBoxArea renders 1`] = `<DropBoxArea />`;
