// Jest Snapshot v1, https://goo.gl/fbAQLP

exports[`TopWordCard renders 1`] = `<DragSource(PrimaryWord) />`;
