// Jest Snapshot v1, https://goo.gl/fbAQLP

exports[`WordBankItem renders 1`] = `<DragSource(WordBankItem) />`;
